nohup: ignoring input
Run directory: results/20260816-110025
one-time mode: force

[stage 2] run_nested_selection             run (force) ...
    -> ran: 239.4s; log at results/20260816-110025/logs/run_nested_selection.log
[stage 2] run_reconstruct_check            run (force) ...
    -> ran: 51.2s; log at results/20260816-110025/logs/run_reconstruct_check.log
[stage 2] run_permutation_search           run (force) ...
    -> ran: 1632.2s; log at results/20260816-110025/logs/run_permutation_search.log
[stage 2] null_random_panels_20k           run (force) ...
    -> ran: 210.0s; log at results/20260816-110025/logs/null_random_panels_20k.log
[stage 2] run_selection_naive              run (force) ...
    -> ran: 22.2s; log at results/20260816-110025/logs/run_selection_naive.log
[stage 2] metrics_uno_auc_ph               run (force) ...
    -> ran: 95.1s; log at results/20260816-110025/logs/metrics_uno_auc_ph.log
[stage 2] hr_pooled                        run (force) ...
    -> ran: 22.9s; log at results/20260816-110025/logs/hr_pooled.log
[stage 2] run_comparator_penalty           run (force) ...
    -> ran: 601.9s; log at results/20260816-110025/logs/run_comparator_penalty.log
[stage 2] run_coverage_test                run (force) ...
    -> ran: 107.1s; log at results/20260816-110025/logs/run_coverage_test.log
[stage 2] run_sample_normalization_c6      run (force) ...
    -> ran: 19.8s; log at results/20260816-110025/logs/run_sample_normalization_c6.log
[stage 2] run_clinical_arm                 run (force) ...
    -> ran: 234.3s; log at results/20260816-110025/logs/run_clinical_arm.log
[stage 2] censoring_sensitivity            run (force) ...
    -> ran: 166.9s; log at results/20260816-110025/logs/censoring_sensitivity.log
[stage 2] participant_flow                 run (force) ...
    -> ran: 15.7s; log at results/20260816-110025/logs/participant_flow.log
[stage 2] benchmark_within                 run (force) env={'OUT': './bench'} ...
    -> ran: 11536.7s; log at results/20260816-110025/logs/benchmark_within.log
[stage 2] learner_grid_TCGA                run (force) env={'SHARD': 'TCGA'} ...
    -> ran: 1251.9s; log at results/20260816-110025/logs/learner_grid_TCGA.log
[stage 2] learner_grid_METABRIC            run (force) env={'SHARD': 'METABRIC'} ...
    -> ran: 844.1s; log at results/20260816-110025/logs/learner_grid_METABRIC.log
[stage 2] learner_grid_SCANB_GSE96058      run (force) env={'SHARD': 'SCANB_GSE96058'} ...
    -> ran: 901.7s; log at results/20260816-110025/logs/learner_grid_SCANB_GSE96058.log
[stage 2] learner_grid_SCANB_GSE202203     run (force) env={'SHARD': 'SCANB_GSE202203'} ...
    -> ran: 882.2s; log at results/20260816-110025/logs/learner_grid_SCANB_GSE202203.log
[stage 2] learner_grid_GSE20711            run (force) env={'SHARD': 'GSE20711'} ...
    -> ran: 1750.9s; log at results/20260816-110025/logs/learner_grid_GSE20711.log
[stage 2] learner_grid_GSE58812            run (force) env={'SHARD': 'GSE58812'} ...
    -> ran: 1647.9s; log at results/20260816-110025/logs/learner_grid_GSE58812.log
[stage 2] combine_grid                     run (force) ...
    -> ran: 1.8s; log at results/20260816-110025/logs/combine_grid.log
[stage 2] run_clinical_supplement          run (force) ...
    -> ran: 346.6s; log at results/20260816-110025/logs/run_clinical_supplement.log
[stage 2] reconcile_clinical_arm           run (force) ...
    -> ran: 43.0s; log at results/20260816-110025/logs/reconcile_clinical_arm.log
[stage 2] run_incremental_value_c1         run (force) ...
    -> ran: 29.5s; log at results/20260816-110025/logs/run_incremental_value_c1.log
[stage 3] hr_weights_forest                run (force) ...
    -> ran: 3.1s; log at results/20260816-110025/logs/hr_weights_forest.log
[stage 3] validate_hr                      run (force) ...
    -> ran: 3.4s; log at results/20260816-110025/logs/validate_hr.log
[stage 3] validate_hr_local                run (force) ...
    -> ran: 3.0s; log at results/20260816-110025/logs/validate_hr_local.log
[stage 3] pooled_hr_stratified             run (force) ...
    -> ran: 2.2s; log at results/20260816-110025/logs/pooled_hr_stratified.log
[stage 3] run_c11_er_prolif_singlegene     run (force) ...
    -> ran: 20.4s; log at results/20260816-110025/logs/run_c11_er_prolif_singlegene.log
[stage 3] make_caveats_table               run (force) ...
    -> ran: 0.5s; log at results/20260816-110025/logs/make_caveats_table.log
[stage 3] run_fixedform_scores             run (force) ...
    -> ran: 600.8s; log at results/20260816-110025/logs/run_fixedform_scores.log
[stage 4] make_fig_pipeline                run (always) ...
    -> ran: 1.2s; log at results/20260816-110025/logs/make_fig_pipeline.log
[stage 4] make_fig_participant_flow        run (always) ...
    -> ran: 1.6s; log at results/20260816-110025/logs/make_fig_participant_flow.log
[stage 4] make_fig_cindex_dual             run (always) ...
    -> ran: 1.5s; log at results/20260816-110025/logs/make_fig_cindex_dual.log
[stage 4] make_fig_auc_calibration         run (always) ...
    -> ran: 1.7s; log at results/20260816-110025/logs/make_fig_auc_calibration.log
[stage 4] make_fig_nested_selection        run (always) ...
    -> failed: exit 1 after 0.9s; see results/20260816-110025/logs/make_fig_nested_selection.log
[stage 4] make_fig_null_resolution         run (always) ...
    -> ran: 1.7s; log at results/20260816-110025/logs/make_fig_null_resolution.log
[stage 4] make_fig_paired_forest           run (always) ...
    -> ran: 3.2s; log at results/20260816-110025/logs/make_fig_paired_forest.log
[stage 4] make_fig_km_hazard               run (always) ...
    -> failed: exit 1 after 0.9s; see results/20260816-110025/logs/make_fig_km_hazard.log
[stage 5] make_tables                      run (always) ...
    -> failed: exit 1 after 0.6s; see results/20260816-110025/logs/make_tables.log
[stage 6] verify_manuscript_numbers        run (always) ...
    -> failed: exit 1 after 1.0s; see results/20260816-110025/logs/verify_manuscript_numbers.log

4 step(s) failed: ['make_fig_nested_selection: seems invalid to me', 'make_fig_km_hazard', 'make_tables', 'verify_manuscript_numbers']
See results/20260816-110025/logs/<step>.log for details.
;